// Jest Snapshot v1, https://goo.gl/fbAQLP

exports[`<Feature /> >>>FEATURE--- Snapshot 1`] = `null`;
